// Jest Snapshot v1, https://goo.gl/fbAQLP

exports[` 1`] = `
Array [
  Object {
    "protege": Object {
      "__v": 0,
      "_id": "5d26b687a7946c6d37dcfdde",
      "balance": 1000,
      "createdAt": "2019-07-11T04:09:43.804Z",
      "expenditure": 0,
      "protegeemail": "Elizabeth@myob.com.au",
      "protegename": "El",
      "updatedAt": "2019-07-18T00:37:55.952Z",
    },
  },
]
`;
